RAM Allocation [bytes]
Variable                                                                          Address   Size
------------------------------------------------------------------------------------------------
dataLed                                                                           0x0300      96
v                                                                                 0x0360       2
co2led                                                                            0x0362       2
vled                                                                              0x0364       2
t1                                                                                0x0366       2
xxx                                                                               0x0368       4
xxx1                                                                              0x036C       4
txBuffer                                                                          0x0370     256
txRdIndex                                                                         0x0470       1
co2s                                                                              0x0471       7
vs                                                                                0x0478       6
t1s                                                                               0x047E       6
t2s                                                                               0x0484       6
ps                                                                                0x048A       7
twi_eeprom                                                                        0x0491      22
twi_adr                                                                           0x04A7       2
ac1                                                                               0x04A9       2
ac2                                                                               0x04AB       2
ac3                                                                               0x04AD       2
b1                                                                                0x04AF       2
b2                                                                                0x04B1       2
mb                                                                                0x04B3       2
mc                                                                                0x04B5       2
md                                                                                0x04B7       2
ac4                                                                               0x04B9       2
ac5                                                                               0x04BB       2
ac6                                                                               0x04BD       2
ut                                                                                0x04BF       4
x1                                                                                0x04C3       4
x2                                                                                0x04C7       4
b5                                                                                0x04CB       4
t                                                                                 0x04CF       4
b6                                                                                0x04D3       4
x3                                                                                0x04D7       4
b3                                                                                0x04DB       4
pressure                                                                          0x04DF       4
p                                                                                 0x04E3       4
b4                                                                                0x04E7       4
b7                                                                                0x04EB       4
nnn                                                                               0x04EF       1
dataDHT                                                                           0x04F0       5
twi_tx_index                                                                      0x04F5       1
twi_rx_index                                                                      0x04F6       1
twi_result                                                                        0x04F7       1
_base_y                                                                           0x04F8       4
_lcd_x                                                                            0x04FC       1
_lcd_y                                                                            0x04FD       1
_lcd_maxx                                                                         0x04FE       1
slave_address                                                                     0x04FF       1
twi_tx_buffer                                                                     0x0500       2
bytes_to_tx                                                                       0x0502       1
twi_rx_buffer                                                                     0x0503       2
bytes_to_rx                                                                       0x0505       1
twi_rx_buffer_size                                                                0x0506       1
twi_slave_rx_handler                                                              0x0507       2
twi_slave_tx_handler                                                              0x0509       2
_seed                                                                             0x050B       4

EEPROM Allocation [bytes]
Variable                                                                          Address   Size
------------------------------------------------------------------------------------------------
etemp                                                                             0x0000       2
eCod0                                                                             0x0002       1
eCod1                                                                             0x0003       1

Register Allocation
Variable                                                                          Register  Size
------------------------------------------------------------------------------------------------
cod0                                                                              R3,R4        2
codTemp                                                                           R5,R6        2
timerEnd                                                                          GPIOR0.0  1bit
errorDHT                                                                          GPIOR0.1  1bit
Sw                                                                                GPIOR0.2  1bit
Run                                                                               GPIOR0.3  1bit
Stp                                                                               GPIOR0.4  1bit
Ust                                                                               GPIOR0.5  1bit
permit                                                                            R8           1
co2p                                                                              R7           1
timerCounter                                                                      R10          1
consentration                                                                     R11,R12      2
co2                                                                               R13,R14      2
txWrIndex                                                                         R9           1
twi_flag                                                                          GPIOR0.6  1bit
twi_ready                                                                         GPIOR0.7  1bit

FLASH Allocation [words]
Function                                                                          Address   Size
------------------------------------------------------------------------------------------------
usart_rx_isr                                                                      0x000AC    105
usart_tx_isr                                                                      0x00115     25
usart_dre_isr                                                                     0x0012E     39
timer0_ovf_isr                                                                    0x00155     15
readADC                                                                           0x00164     22
readDHT                                                                           0x0017A    101
asmSendData                                                                       0x001DF     66
main                                                                              0x00221   3076
ftrunc                                                                            0x00E25     49
floor                                                                             0x00E56     24
log                                                                               0x00E6E    177
exp                                                                               0x00F1F    205
pow                                                                               0x00FEC    133
_lcd_write_nibble_G101                                                            0x01071     21
_lcd_write_data                                                                   0x01086     16
lcd_gotoxy                                                                        0x01096     18
lcd_clear                                                                         0x010A8     23
lcd_putchar                                                                       0x010BF     43
lcd_puts                                                                          0x010EA     20
lcd_putsf                                                                         0x010FE     22
lcd_init                                                                          0x01114     68
twi_master_init                                                                   0x01158     48
twi_master_trans                                                                  0x01188    131
twi_int_handler                                                                   0x0120B    490
